   Compiling unicode-ident v1.0.24
   Compiling proc-macro2 v1.0.106
   Compiling quote v1.0.46
   Compiling cfg-if v1.0.4
   Compiling libc v0.2.186
   Compiling memchr v2.8.3
   Compiling serde_core v1.0.228
   Compiling pin-project-lite v0.2.17
   Compiling smallvec v1.15.2
   Compiling futures-core v0.3.32
   Compiling once_cell v1.21.4
   Compiling serde v1.0.228
   Compiling bytes v1.12.0
   Compiling itoa v1.0.18
   Compiling futures-io v0.3.32
   Compiling slab v0.4.12
   Compiling futures-sink v0.3.32
   Compiling futures-task v0.3.32
   Compiling parking_lot_core v0.9.12
   Compiling scopeguard v1.2.0
   Compiling log v0.4.33
   Compiling autocfg v1.5.1
   Compiling errno v0.3.14
   Compiling futures-channel v0.3.32
   Compiling equivalent v1.0.2
   Compiling hashbrown v0.17.1
   Compiling lock_api v0.4.14
   Compiling mio v1.2.1
   Compiling signal-hook-registry v1.4.8
   Compiling socket2 v0.6.4
   Compiling version_check v0.9.5
   Compiling libm v0.2.16
   Compiling num-traits v0.2.19
   Compiling subtle v2.6.1
   Compiling parking_lot v0.12.5
   Compiling indexmap v2.14.0
   Compiling find-msvc-tools v0.1.9
   Compiling shlex v2.0.1
   Compiling http v1.4.2
   Compiling tracing-core v0.1.36
   Compiling typenum v1.20.1
   Compiling jobserver v0.1.35
   Compiling getrandom v0.2.17
   Compiling bitflags v2.13.0
   Compiling thiserror v2.0.18
   Compiling cc v1.2.66
   Compiling fnv v1.0.7
   Compiling zmij v1.0.21
   Compiling serde_json v1.0.150
   Compiling percent-encoding v2.3.2
   Compiling stable_deref_trait v1.2.1
   Compiling syn v2.0.118
   Compiling semver v1.0.28
   Compiling http-body v1.0.1
   Compiling time-core v0.1.9
   Compiling zerocopy v0.8.53
   Compiling num-conv v0.2.2
   Compiling httparse v1.10.1
   Compiling deranged v0.5.8
   Compiling powerfmt v0.2.0
   Compiling rustc_version v0.4.1
   Compiling http-body-util v0.1.3
   Compiling num-integer v0.1.46
   Compiling time-macros v0.2.31
   Compiling generic-array v0.14.7
   Compiling pkg-config v0.3.33
   Compiling const-oid v0.9.6
   Compiling form_urlencoded v1.2.2
   Compiling base64 v0.22.1
   Compiling atomic-waker v1.1.2
   Compiling litemap v0.8.2
   Compiling tower-service v0.3.3
   Compiling time v0.3.53
   Compiling writeable v0.6.3
   Compiling ring v0.17.14
   Compiling httpdate v1.0.3
   Compiling icu_normalizer_data v2.2.0
   Compiling icu_properties_data v2.2.0
   Compiling utf8_iter v1.0.4
   Compiling try-lock v0.2.5
   Compiling untrusted v0.9.0
   Compiling either v1.16.0
   Compiling cmake v0.1.58
   Compiling dunce v1.0.5
   Compiling want v0.3.1
   Compiling fs_extra v1.3.0
   Compiling rustversion v1.0.23
   Compiling aws-lc-rs v1.17.1
   Compiling spin v0.9.8
   Compiling getrandom v0.4.3
   Compiling tower-layer v0.3.3
   Compiling core-foundation-sys v0.8.7
   Compiling rand_core v0.10.1
   Compiling sync_wrapper v1.0.2
   Compiling aws-lc-sys v0.42.0
   Compiling rustls v0.23.41
   Compiling data-encoding v2.11.0
   Compiling ryu v1.0.23
   Compiling regex-syntax v0.8.11
   Compiling crc32fast v1.5.0
   Compiling num-bigint v0.4.8
   Compiling rand_core v0.6.4
   Compiling mime v0.3.17
   Compiling minimal-lexical v0.2.1
   Compiling core-foundation v0.10.1
   Compiling security-framework-sys v2.17.0
   Compiling cpufeatures v0.2.17
   Compiling serde_derive v1.0.228
   Compiling zeroize_derive v1.5.0
   Compiling futures-macro v0.3.32
   Compiling tokio-macros v2.7.0
   Compiling zeroize v1.9.0
   Compiling tracing-attributes v0.1.31
   Compiling tokio v1.52.3
   Compiling synstructure v0.13.2
   Compiling thiserror-impl v2.0.18
   Compiling futures-util v0.3.32
   Compiling displaydoc v0.2.6
   Compiling zerocopy-derive v0.8.53
   Compiling tracing v0.1.44
   Compiling zerovec-derive v0.11.3
   Compiling zerofrom-derive v0.1.7
   Compiling yoke-derive v0.8.2
   Compiling zerofrom v0.1.8
   Compiling rustls-pki-types v1.15.0
   Compiling async-trait v0.1.89
   Compiling nom v7.1.3
   Compiling rustix v1.1.4
   Compiling yoke v0.8.3
   Compiling security-framework v3.7.0
   Compiling encoding_rs v0.8.35
   Compiling crypto-common v0.1.7
   Compiling block-buffer v0.10.4
   Compiling zerovec v0.11.6
   Compiling zerotrie v0.2.4
   Compiling digest v0.10.7
   Compiling ipnet v2.12.0
   Compiling futures-executor v0.3.32
   Compiling tinystr v0.8.3
   Compiling potential_utf v0.1.5
   Compiling aho-corasick v1.1.4
   Compiling rustls-native-certs v0.8.4
   Compiling bumpalo v3.20.3
   Compiling futures v0.3.32
   Compiling icu_locale_core v2.2.0
   Compiling icu_collections v2.2.0
   Compiling lazy_static v1.5.0
   Compiling http v0.2.12
   Compiling base64ct v1.8.3
   Compiling tokio-util v0.7.18
   Compiling ppv-lite86 v0.2.21
   Compiling regex-automata v0.4.14
   Compiling simd-adler32 v0.3.9
   Compiling unicase v2.9.0
   Compiling icu_provider v2.2.0
   Compiling adler2 v2.0.1
   Compiling http-body v0.4.6
   Compiling hybrid-array v0.4.13
   Compiling outref v0.5.2
   Compiling crossbeam-utils v0.8.22
   Compiling zlib-rs v0.6.5
   Compiling vsimd v0.8.0
   Compiling miniz_oxide v0.8.9
   Compiling mime_guess v2.0.5
   Compiling icu_normalizer v2.2.0
   Compiling icu_properties v2.2.0
   Compiling h2 v0.4.15
   Compiling tower v0.5.3
   Compiling base64-simd v0.8.0
   Compiling pem-rfc7468 v0.7.0
   Compiling bytes-utils v0.1.4
   Compiling cmov v0.5.4
   Compiling pin-utils v0.1.0
   Compiling yansi v1.0.1
   Compiling idna_adapter v1.2.2
   Compiling fastrand v2.4.1
   Compiling der v0.7.10
   Compiling ctutils v0.4.2
   Compiling aws-smithy-types v1.6.1
   Compiling idna v1.1.0
   Compiling block-buffer v0.12.1
   Compiling crypto-common v0.2.2
   Compiling rand_chacha v0.3.1
   Compiling num-rational v0.4.2
   Compiling const-oid v0.10.2
   Compiling compression-core v0.4.32
   Compiling url v2.5.8
   Compiling flate2 v1.1.9
   Compiling spki v0.7.3
   Compiling rand v0.8.6
   Compiling aws-smithy-async v1.3.0
   Compiling digest v0.11.3
   Compiling hyper v1.10.1
   Compiling aws-smithy-runtime-api-macros v1.1.0
   Compiling uuid v1.23.4
   Compiling http-range-header v0.4.2
   Compiling compression-codecs v0.4.38
   Compiling pkcs8 v0.10.2
   Compiling rusticata-macros v4.1.0
   Compiling aws-smithy-runtime-api v1.14.0
   Compiling asn1-rs-impl v0.2.0
   Compiling getrandom v0.3.4
   Compiling tokio-stream v0.1.19
   Compiling sha1 v0.10.6
   Compiling cpufeatures v0.3.0
   Compiling async-compression v0.4.42
   Compiling anyhow v1.0.103
   Compiling hmac v0.12.1
   Compiling pin-project-internal v1.1.13
   Compiling sha2 v0.11.0
   Compiling tower-http v0.6.11
   Compiling rand_core v0.9.5
   Compiling strsim v0.11.1
   Compiling signature v2.2.0
   Compiling pin-project v1.1.13
   Compiling hyper-util v0.1.20
   Compiling rand_chacha v0.9.0
   Compiling ff v0.13.1
   Compiling iana-time-zone v0.1.65
   Compiling num-iter v0.1.46
   Compiling base16ct v0.2.0
   Compiling hkdf v0.12.4
   Compiling half v2.7.1
   Compiling group v0.13.0
   Compiling rand v0.9.4
   Compiling crypto-bigint v0.5.5
   Compiling asn1-rs-derive v0.6.0
   Compiling arc-swap v1.9.2
   Compiling sec1 v0.7.3
   Compiling multer v3.1.0
   Compiling regex v1.12.4
   Compiling asn1-rs v0.7.2
   Compiling thiserror v1.0.69
   Compiling ciborium-io v0.2.2
   Compiling oid-registry v0.8.1
   Compiling tungstenite v0.29.0
   Compiling chrono v0.4.45
   Compiling ciborium-ll v0.2.2
   Compiling rfc6979 v0.4.0
   Compiling sha2 v0.10.9
   Compiling serde_urlencoded v0.7.1
   Compiling elliptic-curve v0.13.8
   Compiling assert-json-diff v2.0.2
   Compiling axum-core v0.5.6
   Compiling thiserror-impl v1.0.69
   Compiling curve25519-dalek v4.1.3
   Compiling rustls-webpki v0.103.13
   Compiling serde_path_to_error v0.1.20
   Compiling matchit v0.8.4
   Compiling num-bigint-dig v0.8.6
   Compiling xmlparser v0.13.6
   Compiling hex v0.4.3
   Compiling tokio-tungstenite v0.29.0
   Compiling rustls v0.21.12
   Compiling der-parser v10.0.0
   Compiling ecdsa v0.16.9
   Compiling primeorder v0.13.6
   Compiling ciborium v0.2.2
   Compiling aws-smithy-schema v0.2.0
   Compiling rustls-webpki v0.101.7
   Compiling sct v0.7.1
   Compiling ed25519 v2.2.3
   Compiling x509-parser v0.18.1
   Compiling axum v0.8.9
   Compiling pkcs1 v0.7.5
   Compiling aws-smithy-eventstream v0.61.1
   Compiling h2 v0.3.27
   Compiling lber v0.5.1
   Compiling socket2 v0.5.10
   Compiling separator v0.4.1
   Compiling winnow v1.0.3
   Compiling tinyvec_macros v0.1.1
   Compiling bs58 v0.5.1
   Compiling diff v0.1.13
   Compiling rsa v0.9.10
   Compiling aws-smithy-http v0.64.0
   Compiling tinyvec v1.11.0
   Compiling cbor-diag v0.1.12
   Compiling pretty_assertions v1.4.1
   Compiling ed25519-dalek v2.2.0
   Compiling tokio-rustls v0.24.1
   Compiling p256 v0.13.2
   Compiling p384 v0.13.1
   Compiling roxmltree v0.14.1
   Compiling password-hash v0.5.0
   Compiling bb8 v0.9.1
   Compiling blake2 v0.10.6
   Compiling regex-lite v0.1.9
   Compiling unicode-normalization v0.1.25
   Compiling tokio-rustls v0.26.4
   Compiling rustls-platform-verifier v0.6.2
   Compiling hyper v0.14.32
   Compiling jsonwebtoken v10.4.0
   Compiling aws-credential-types v1.3.0
   Compiling rustls-pemfile v2.2.0
   Compiling aws-types v1.5.0
   Compiling hyper-rustls v0.27.9
   Compiling ldap3 v0.12.1
   Compiling unicode-xid v0.2.6
   Compiling argon2 v0.5.3
   Compiling aws-smithy-observability v0.3.0
   Compiling hmac v0.13.0
   Compiling tempfile v3.27.0
   Compiling aws-smithy-protocol-test v0.64.0
   Compiling reqwest v0.13.1
   Compiling anstyle v1.0.14
   Compiling rustc-hash v2.1.3
   Compiling aws-sigv4 v1.5.1
   Compiling peryx-policy v0.0.1 (/Volumes/OWC/git/peryx/peryx-mainverify/crates/peryx-policy)
   Compiling itertools v0.14.0
   Compiling aws-smithy-json v0.63.0
   Compiling aws-smithy-xml v0.62.0
   Compiling xattr v1.6.1
   Compiling bb8-ldap v0.4.1
   Compiling foldhash v0.2.0
   Compiling urlencoding v2.1.3
   Compiling allocator-api2 v0.2.21
   Compiling rustix v0.38.44
   Compiling paste v1.0.15
   Compiling spin v0.10.1
   Compiling byteorder v1.5.0
   Compiling portable-atomic v1.13.1
   Compiling sha1 v0.11.0
   Compiling md-5 v0.11.0
   Compiling aws-smithy-query v0.62.0
   Compiling crc-fast v1.10.0
   Compiling redb v4.1.0
   Compiling hashbrown v0.16.1
   Compiling ident_case v1.0.1
   Compiling utf8parse v0.2.2
   Compiling darling_core v0.23.0
   Compiling zopfli v0.8.3
   Compiling fs4 v0.13.1
   Compiling anstyle-parse v1.0.0
   Compiling lru v0.16.4
   Compiling peryx-identity v0.0.1 (/Volumes/OWC/git/peryx/peryx-mainverify/crates/peryx-identity)
   Compiling aws-smithy-checksums v0.65.0
   Compiling hyper-rustls v0.24.2
   Compiling filetime v0.2.29
   Compiling is_terminal_polyfill v1.70.2
   Compiling colorchoice v1.0.5
   Compiling typed-path v0.12.3
   Compiling aws-smithy-http-client v1.2.0
   Compiling anstyle-query v1.1.5
   Compiling tar v0.4.46
   Compiling atomicwrites v0.4.4
   Compiling terminal_size v0.4.4
   Compiling anstream v1.0.0
   Compiling prettyplease v0.2.37
   Compiling clap_lex v1.1.0
   Compiling heck v0.5.0
   Compiling crossbeam-epoch v0.9.20
   Compiling darling_macro v0.23.0
   Compiling zip v8.6.0
   Compiling darling v0.23.0
   Compiling option-ext v0.2.0
   Compiling clap_builder v4.6.0
   Compiling clap_derive v4.6.1
   Compiling dirs-sys v0.5.0
   Compiling peryx-core v0.0.1 (/Volumes/OWC/git/peryx/peryx-mainverify/crates/peryx-core)
   Compiling inventory v0.3.24
   Compiling rust_decimal v1.42.1
   Compiling dirs v6.0.0
   Compiling toml_parser v1.1.2+spec-1.1.0
   Compiling bstr v1.13.0
   Compiling zstd-sys v2.0.16+zstd.1.5.7
   Compiling toml_datetime v1.1.1+spec-1.1.0
   Compiling serde_spanned v1.1.1
   Compiling os_str_bytes v6.6.1
   Compiling toml_writer v1.1.1+spec-1.1.0
   Compiling arrayvec v0.7.8
   Compiling derive_more-impl v1.0.0
   Compiling crossbeam-channel v0.5.16
   Compiling anyerror v0.1.13
   Compiling shellexpand v3.1.2
   Compiling toml v1.1.2+spec-1.1.0
   Compiling clap v4.6.1
   Compiling aws-smithy-runtime v1.12.1
   Compiling nix v0.27.1
   Compiling maplit v1.0.2
   Compiling same-file v1.0.6
   Compiling utf8-width v0.1.9
   Compiling crunchy v0.2.4
   Compiling derive_more v1.0.0
   Compiling openraft-macros v0.9.25
   Compiling uv-netrc v0.0.62
   Compiling validit v0.2.6
   Compiling walkdir v2.5.0
   Compiling byte-unit v5.2.5
   Compiling tracing-futures v0.2.5
   Compiling num-complex v0.4.6
   Compiling cfg_aliases v0.2.1
   Compiling zstd-safe v7.2.4
   Compiling ownedbytes v0.9.0
   Compiling tagptr v0.2.0
   Compiling openraft v0.9.25
   Compiling command-group v5.0.1
   Compiling crossbeam-deque v0.8.7
   Compiling hashbrown v0.14.5
   Compiling bytemuck v1.25.0
   Compiling wasm-bindgen-shared v0.2.126
   Compiling typeid v1.0.3
   Compiling moka v0.12.15
   Compiling tantivy-common v0.11.0
   Compiling peryx-upstream v0.0.1 (/Volumes/OWC/git/peryx/peryx-mainverify/crates/peryx-upstream)
   Compiling bitpacking v0.9.3
   Compiling dashmap v6.2.1
   Compiling erased-serde v0.4.10
   Compiling rayon-core v1.13.0
   Compiling glob v0.3.3
   Compiling utf8-ranges v1.0.5
   Compiling zstd v0.13.3
   Compiling aws-runtime v1.9.1
   Compiling tantivy-bitpacker v0.10.0
   Compiling tantivy-fst v0.5.0
   Compiling murmurhash32 v0.3.1
   Compiling typetag v0.2.22
   Compiling peryx-index v0.0.1 (/Volumes/OWC/git/peryx/peryx-mainverify/crates/peryx-index)
   Compiling bon-macros v3.9.3
   Compiling tantivy-stacker v0.7.0
   Compiling tantivy-sstable v0.7.0
   Compiling toml_edit v0.25.12+spec-1.1.0
   Compiling aws-sdk-sts v1.110.0
   Compiling aws-sdk-sso v1.105.0
   Compiling aws-sdk-ssooidc v1.107.0
   Compiling aws-sdk-s3 v1.140.0
   Compiling typetag-impl v0.2.22
   Compiling rstest_macros v0.26.1
   Compiling ordered-float v5.3.0
   Compiling downcast-rs v2.0.2
   Compiling fastdivide v0.4.2
   Compiling bon v3.9.3
   Compiling proc-macro-crate v3.5.0
   Compiling tantivy-query-grammar v0.26.0
   Compiling tantivy-columnar v0.7.0
   Compiling wasm-bindgen-macro-support v0.2.126
   Compiling rayon v1.12.0
   Compiling tantivy-tokenizer-api v0.7.0
   Compiling rust-stemmers v1.2.0
   Compiling sketches-ddsketch v0.4.0
   Compiling aws-config v1.10.1
   Compiling wasm-bindgen v0.2.126
   Compiling measure_time v0.9.0
   Compiling memmap2 v0.9.11
   Compiling lz4_flex v0.13.1
   Compiling htmlescape v0.3.1
   Compiling census v0.4.2
   Compiling relative-path v1.9.3
   Compiling levenshtein_automata v0.2.1
   Compiling datasketches v0.2.0
   Compiling oneshot v0.1.13
   Compiling wasm-bindgen-macro v0.2.126
   Compiling futures-timer v3.0.4
   Compiling utoipa-gen v5.5.0
   Compiling num_cpus v1.17.0
   Compiling deadpool-runtime v0.1.4
   Compiling tantivy v0.26.1
   Compiling parking v2.2.1
   Compiling deadpool v0.12.3
   Compiling siphasher v1.0.3
   Compiling rstest v0.26.1
   Compiling concurrent-queue v2.5.0
   Compiling wiremock v0.6.5
   Compiling phf_shared v0.13.1
   Compiling js-sys v0.3.103
   Compiling unicode-segmentation v1.13.3
   Compiling tower-http v0.7.0
   Compiling matchers v0.2.0
   Compiling sharded-slab v0.1.7
   Compiling tracing-serde v0.2.0
   Compiling proc-macro-error-attr2 v2.0.0
   Compiling utoipa v5.5.0
   Compiling tracing-log v0.2.0
   Compiling thread_local v1.1.9
   Compiling nu-ansi-term v0.50.3
   Compiling proc-macro-error2 v2.0.1
   Compiling event-listener v5.4.1
   Compiling peryx-pql v0.0.1 (/Volumes/OWC/git/peryx/peryx-mainverify/crates/peryx-pql)
   Compiling convert_case v0.11.0
   Compiling tracing-subscriber v0.3.23
   Compiling or_poisoned v0.1.0
   Compiling event-listener-strategy v0.5.4
   Compiling phf_generator v0.13.1
   Compiling safe_arch v0.7.4
   Compiling matrixmultiply v0.3.10
   Compiling new_debug_unreachable v1.0.6
   Compiling approx v0.5.1
   Compiling proc-macro2-diagnostics v0.10.1
   Compiling wide v0.7.33
   Compiling precomputed-hash v0.1.1
   Compiling phf_codegen v0.13.1
   Compiling string_cache_codegen v0.6.1
   Compiling ucd-trie v0.1.7
   Compiling rawpointer v0.2.1
   Compiling string_cache v0.9.0
   Compiling web_atoms v0.2.5
   Compiling proc-macro-utils v0.10.0
   Compiling phf v0.13.1
   Compiling pest v2.8.7
   Compiling rand_distr v0.4.3
   Compiling slotmap v1.1.1
   Compiling throw_error v0.3.1
   Compiling konst_macro_rules v0.2.19
   Compiling simba v0.9.1
   Compiling tendril v0.5.1
   Compiling konst v0.2.20
   Compiling const_format_proc_macros v0.2.34
   Compiling derive-where v1.6.1
   Compiling reactive_graph v0.2.14
   Compiling server_fn_macro v0.8.10
   Compiling send_wrapper v0.6.0
   Compiling dtoa v1.0.11
   Compiling markup5ever v0.39.0
   Compiling const_format v0.2.36
   Compiling dtoa-short v0.3.5
   Compiling async-lock v3.4.2
   Compiling syn_derive v0.2.0
   Compiling pest_meta v2.8.7
   Compiling nix v0.31.3
   Compiling document_tree v0.4.2
   Compiling wasm-bindgen-futures v0.4.76
   Compiling web-sys v0.3.103
   Compiling hydration_context v0.3.1
   Compiling any_spawner v0.3.0
   Compiling version-ranges v0.1.3
   Compiling unicode-width v0.2.2
   Compiling pulldown-cmark v0.13.4
   Compiling guardian v1.3.0
   Compiling xml-rs v0.8.28
   Compiling unscanny v0.1.0
   Compiling pest_generator v2.8.7
   Compiling camino v1.2.4
   Compiling xxhash-rust v0.8.16
   Compiling pep440_rs v0.7.3
   Compiling pest_derive v2.8.7
   Compiling serde-xml-rs v0.5.1
   Compiling html5ever v0.39.0
   Compiling cssparser v0.37.0
   Compiling quote-use-macros v0.8.4
   Compiling manyhow-macros v0.11.4
   Compiling reactive_stores_macro v0.4.3
   Compiling itertools v0.13.0
   Compiling codspeed v5.0.1
   Compiling tachys v0.2.18
   Compiling csv-core v0.1.13
   Compiling pulldown-cmark-escape v0.11.0
   Compiling nalgebra v0.33.3
   Compiling stats_alloc v0.1.10
   Compiling html-escape v0.2.14
   Compiling boxcar v0.2.14
   Compiling reactive_stores v0.4.3
   Compiling csv v1.4.0
   Compiling ammonia v4.1.3
   Compiling manyhow v0.11.4
   Compiling pep508_rs v0.9.2
   Compiling quote-use v0.8.4
   Compiling rst_renderer v0.4.2
   Compiling rst_parser v0.4.2
   Compiling prost-derive v0.14.4
   Compiling either_of v0.1.9
   Compiling md-5 v0.10.6
   Compiling oco_ref v0.2.1
   Compiling itertools v0.10.5
   Compiling server_fn v0.8.13
   Compiling spdx v0.13.4
   Compiling email_address v0.2.9
   Compiling cast v0.3.0
   Compiling erased v0.1.2
   Compiling statrs v0.18.0
   Compiling const_str_slice_concat v0.1.0
   Compiling next_tuple v0.1.0
   Compiling collection_literals v1.0.3
   Compiling colored v3.1.1
   Compiling tl v0.7.8
   Compiling drain_filter_polyfill v0.1.3
   Compiling interpolator v0.5.0
   Compiling criterion-plot v0.5.0
   Compiling attribute-derive-macro v0.10.5
   Compiling prost v0.14.4
   Compiling peryx-storage v0.0.1 (/Volumes/OWC/git/peryx/peryx-mainverify/crates/peryx-storage)
   Compiling rstml v0.12.1
   Compiling server_fn_macro_default v0.8.5
   Compiling convert_case v0.6.0
   Compiling hyper-timeout v0.5.2
   Compiling serde_qs v0.15.0
   Compiling tinytemplate v1.2.1
   Compiling typed-builder-macro v0.23.2
   Compiling leptos_macro v0.8.17
   Compiling is-terminal v0.4.17
   Compiling oorandom v11.1.5
   Compiling codspeed-criterion-compat v5.0.1
   Compiling base16 v0.2.1
   Compiling anes v0.1.6
   Compiling pathdiff v0.2.3
   Compiling const-str v1.1.0
   Compiling tonic v0.14.6
   Compiling leptos_hot_reload v0.8.6
   Compiling typed-builder v0.23.2
   Compiling wasm_split_macros v0.2.2
   Compiling config v0.15.25
   Compiling codspeed-criterion-compat-walltime v5.0.1
   Compiling attribute-derive v0.10.5
   Compiling convert_case_extras v0.2.0
   Compiling codee v0.3.5
   Compiling ureq-proto v0.6.0
   Compiling leptos v0.8.20
   Compiling async-once-cell v0.5.4
   Compiling bollard-buildkit-proto v0.7.0
   Compiling utf8-zero v0.8.1
   Compiling tonic-prost v0.14.6
   Compiling leptos_config v0.8.10
   Compiling wasm_split_helpers v0.2.3
   Compiling gloo-utils v0.2.0
   Compiling wasm-streams v0.5.0
   Compiling ureq v3.3.0
   Compiling prost-types v0.14.4
   Compiling peryx-replication v0.0.1 (/Volumes/OWC/git/peryx/peryx-mainverify/crates/peryx-replication)
   Compiling peryx-search v0.0.1 (/Volumes/OWC/git/peryx/peryx-mainverify/crates/peryx-search)
   Compiling hdrhistogram v7.5.4
   Compiling structmeta-derive v0.3.0
   Compiling syn v3.0.3
   Compiling gloo-net v0.6.0
   Compiling async-stream-impl v0.3.6
   Compiling structmeta v0.3.0
   Compiling chacha20 v0.10.1
   Compiling leptos_router v0.8.14
   Compiling async-stream v0.3.6
   Compiling leptos_router_macro v0.8.6
   Compiling futures-lite v2.6.1
   Compiling num v0.4.3
   Compiling parse-display-derive v0.9.1
   Compiling rand v0.10.2
   Compiling serde_with_macros v3.21.0
   Compiling hyperlocal v0.9.1
   Compiling serde_repr v0.1.21
   Compiling asn1-rs-derive v0.5.1
   Compiling miette-derive v7.6.0
   Compiling async-io v2.6.0
   Compiling home v0.5.12
   Compiling unicode-width v0.1.14
   Compiling asn1-rs v0.6.2
   Compiling serde_with v3.21.0
   Compiling parse-display v0.9.1
   Compiling ferroid v2.0.0
   Compiling async-channel v2.5.0
   Compiling bollard-stubs v1.52.1-rc.29.1.3
   Compiling nix v0.30.1
   Compiling miette v7.6.0
   Compiling astral-tokio-tar v0.6.4
   Compiling piper v0.2.5
   Compiling polling v3.11.0
   Compiling docker_credential v1.4.0
   Compiling peryx-events v0.0.1 (/Volumes/OWC/git/peryx/peryx-mainverify/crates/peryx-events)
   Compiling fs-err v3.3.1
   Compiling etcetera v0.11.0
   Compiling oid-registry v0.7.1
   Compiling async-task v4.7.1
   Compiling pxfm v0.1.30
   Compiling gloo-utils v0.3.0
   Compiling webpki-roots v1.0.8
   Compiling libmimalloc-sys v0.1.49
   Compiling byteorder-lite v0.1.0
   Compiling blocking v1.6.2
   Compiling peryx-driver v0.0.1 (/Volumes/OWC/git/peryx/peryx-mainverify/crates/peryx-driver)
   Compiling gloo-net v0.7.0
   Compiling webpki-roots v0.26.11
   Compiling leptos_dom v0.8.8
   Compiling leptos_server v0.8.7
   Compiling async-net v2.0.0
   Compiling der-parser v9.0.0
   Compiling console_error_panic_hook v0.1.7
   Compiling futures-rustls v0.26.0
   Compiling async-http-codec v0.8.0
   Compiling yasna v0.5.2
   Compiling pem v3.0.6
   Compiling homedir v0.3.6
   Compiling axum-server v0.8.0
   Compiling moxcms v0.8.1
   Compiling async-web-client v0.6.3
   Compiling x509-parser v0.16.0
   Compiling axoprocess v0.2.1
   Compiling rcgen v0.13.2
   Compiling axotag v0.3.0
   Compiling symlink v0.1.0
   Compiling mimalloc v0.1.52
   Compiling syslog-tracing v0.3.1
   Compiling nix v0.29.0
   Compiling console v0.16.4
   Compiling tracing-appender v0.2.5
   Compiling similar v2.7.0
   Compiling leptos_meta v0.8.6
   Compiling rustls-acme v0.15.3
   Compiling objc2 v0.6.4
   Compiling predicates-core v1.0.10
   Compiling mockall_derive v0.15.0
   Compiling insta v1.48.0
   Compiling objc2-encode v4.1.0
   Compiling bollard v0.20.2
   Compiling termtree v0.5.1
   Compiling mockall v0.15.0
   Compiling image v0.25.10
   Compiling predicates v3.1.4
   Compiling fragile v2.1.0
   Compiling predicates-tree v1.0.13
   Compiling downcast v0.11.0
   Compiling objc2-core-foundation v0.3.2
   Compiling leptos_integration_utils v0.8.8
   Compiling objc2-foundation v0.3.2
   Compiling axoasset v2.0.1
   Compiling leptos_axum v0.8.10
   Compiling objc2-io-kit v0.3.2
   Compiling objc2-open-directory v0.3.2
   Compiling axoupdater v0.10.0
   Compiling testcontainers v0.27.3
   Compiling sysinfo v0.39.5
   Compiling peryx-bench v0.0.1 (/Volumes/OWC/git/peryx/peryx-mainverify/crates/peryx-bench)
   Compiling peryx-http v0.0.1 (/Volumes/OWC/git/peryx/peryx-mainverify/crates/peryx-http)
   Compiling peryx-ecosystem-pypi v0.0.1 (/Volumes/OWC/git/peryx/peryx-mainverify/crates/peryx-ecosystem-pypi)
   Compiling peryx-ecosystem-oci v0.0.1 (/Volumes/OWC/git/peryx/peryx-mainverify/crates/peryx-ecosystem-oci)
   Compiling testcontainers-modules v0.15.0
   Compiling peryx-web v0.0.1 (/Volumes/OWC/git/peryx/peryx-mainverify/crates/peryx-web)
   Compiling peryx v0.0.1 (/Volumes/OWC/git/peryx/peryx-mainverify/crates/peryx)
    Finished `dev` profile [unoptimized + debuginfo] target(s) in 6m 09s
